// Jest Snapshot v1, https://goo.gl/fbAQLP

exports[`UserProfile renders component correctly 1`] = `
"<ContextProvider value={{...}}>
   
  <UserProfile />
   
</ContextProvider>"
`;
