// Jest Snapshot v1, https://goo.gl/fbAQLP

exports[`App should render the component correctly and match the snapshot 1`] = `
Array [
  " ",
  <div
    className="App"
  >
    <div
      className="pf-l-grid pf-m-gutter hub-leftpane"
    >
      <div
        className="pf-l-grid__item pf-m-3-col"
      >
        <h1
          className="hub-leftpane-sort"
          data-pf-content={true}
        >
          Sort
        </h1>
      </div>
      <div
        className="pf-l-grid__item pf-m-9-col"
      >
        <div>
          <div
            className="pf-c-dropdown hub-sort-dropdown"
            data-ouia-component-id={0}
            data-ouia-component-type="PF4/Dropdown"
            data-ouia-safe={true}
          >
            <button
              aria-expanded={false}
              aria-haspopup={true}
              className="pf-c-dropdown__toggle"
              disabled={false}
              id="pf-dropdown-toggle-id-0"
              onClick={[Function]}
              onKeyDown={[Function]}
              type="button"
            >
              <span
                className="pf-c-dropdown__toggle-text"
              >
                Name
              </span>
              <span
                className="pf-c-dropdown__toggle-icon"
              >
                <svg
                  aria-hidden={true}
                  aria-labelledby={null}
                  fill="currentColor"
                  height="1em"
                  role="img"
                  style={
                    Object {
                      "verticalAlign": "-0.125em",
                    }
                  }
                  viewBox="0 0 320 512"
                  width="1em"
                >
                  <path
                    d="M31.3 192h257.3c17.8 0 26.7 21.5 14.1 34.1L174.1 354.8c-7.8 7.8-20.5 7.8-28.3 0L17.2 226.1C4.6 213.5 13.5 192 31.3 192z"
                    transform=""
                  />
                </svg>
              </span>
            </button>
          </div>
        </div>
      </div>
      <div
        className="pf-l-grid__item"
      >
        <div>
          <div
            className="pf-l-grid"
          >
            <div
              className="pf-l-grid__item pf-m-6-col"
            >
              <h1
                className="hub-filter-header"
                data-pf-content={true}
              >
                Kind
              </h1>
            </div>
            <div
              className="pf-l-grid__item pf-m-3-col"
            >
              <button
                aria-disabled={false}
                aria-label="Clear"
                className="pf-c-button pf-m-plain"
                data-ouia-component-id={1}
                data-ouia-component-type="PF4/Button"
                data-ouia-safe={true}
                disabled={false}
                onClick={[Function]}
                type="button"
              >
                <svg
                  aria-hidden={true}
                  aria-labelledby={null}
                  fill="currentColor"
                  height="1em"
                  role="img"
                  style={
                    Object {
                      "verticalAlign": "-0.125em",
                    }
                  }
                  viewBox="0 0 352 512"
                  width="1em"
                >
                  <path
                    d="M242.72 256l100.07-100.07c12.28-12.28 12.28-32.19 0-44.48l-22.24-22.24c-12.28-12.28-32.19-12.28-44.48 0L176 189.28 75.93 89.21c-12.28-12.28-32.19-12.28-44.48 0L9.21 111.45c-12.28 12.28-12.28 32.19 0 44.48L109.28 256 9.21 356.07c-12.28 12.28-12.28 32.19 0 44.48l22.24 22.24c12.28 12.28 32.2 12.28 44.48 0L176 322.72l100.07 100.07c12.28 12.28 32.2 12.28 44.48 0l22.24-22.24c12.28-12.28 12.28-32.19 0-44.48L242.72 256z"
                    transform=""
                  />
                </svg>
              </button>
            </div>
            <div
              className="pf-l-grid__item pf-m-12-col"
            />
          </div>
        </div>
      </div>
      <div
        className="pf-l-grid__item"
      >
        <div>
          <div
            className="pf-l-grid"
          >
            <div
              className="pf-l-grid__item pf-m-6-col"
            >
              <h1
                className="hub-filter-header"
                data-pf-content={true}
              >
                Catalog
              </h1>
            </div>
            <div
              className="pf-l-grid__item pf-m-3-col"
            >
              <button
                aria-disabled={false}
                aria-label="Clear"
                className="pf-c-button pf-m-plain"
                data-ouia-component-id={2}
                data-ouia-component-type="PF4/Button"
                data-ouia-safe={true}
                disabled={false}
                onClick={[Function]}
                type="button"
              >
                <svg
                  aria-hidden={true}
                  aria-labelledby={null}
                  fill="currentColor"
                  height="1em"
                  role="img"
                  style={
                    Object {
                      "verticalAlign": "-0.125em",
                    }
                  }
                  viewBox="0 0 352 512"
                  width="1em"
                >
                  <path
                    d="M242.72 256l100.07-100.07c12.28-12.28 12.28-32.19 0-44.48l-22.24-22.24c-12.28-12.28-32.19-12.28-44.48 0L176 189.28 75.93 89.21c-12.28-12.28-32.19-12.28-44.48 0L9.21 111.45c-12.28 12.28-12.28 32.19 0 44.48L109.28 256 9.21 356.07c-12.28 12.28-12.28 32.19 0 44.48l22.24 22.24c12.28 12.28 32.2 12.28 44.48 0L176 322.72l100.07 100.07c12.28 12.28 32.2 12.28 44.48 0l22.24-22.24c12.28-12.28 12.28-32.19 0-44.48L242.72 256z"
                    transform=""
                  />
                </svg>
              </button>
            </div>
            <div
              className="pf-l-grid__item pf-m-12-col"
            />
          </div>
        </div>
      </div>
      <div
        className="pf-l-grid__item"
      >
        <div>
          <div
            className="pf-l-grid"
          >
            <div
              className="pf-l-grid__item pf-m-6-col"
            >
              <h1
                className="hub-filter-header"
                data-pf-content={true}
              >
                Category
              </h1>
            </div>
            <div
              className="pf-l-grid__item pf-m-3-col"
            >
              <button
                aria-disabled={false}
                aria-label="Clear"
                className="pf-c-button pf-m-plain"
                data-ouia-component-id={3}
                data-ouia-component-type="PF4/Button"
                data-ouia-safe={true}
                disabled={false}
                onClick={[Function]}
                type="button"
              >
                <svg
                  aria-hidden={true}
                  aria-labelledby={null}
                  fill="currentColor"
                  height="1em"
                  role="img"
                  style={
                    Object {
                      "verticalAlign": "-0.125em",
                    }
                  }
                  viewBox="0 0 352 512"
                  width="1em"
                >
                  <path
                    d="M242.72 256l100.07-100.07c12.28-12.28 12.28-32.19 0-44.48l-22.24-22.24c-12.28-12.28-32.19-12.28-44.48 0L176 189.28 75.93 89.21c-12.28-12.28-32.19-12.28-44.48 0L9.21 111.45c-12.28 12.28-12.28 32.19 0 44.48L109.28 256 9.21 356.07c-12.28 12.28-12.28 32.19 0 44.48l22.24 22.24c12.28 12.28 32.2 12.28 44.48 0L176 322.72l100.07 100.07c12.28 12.28 32.2 12.28 44.48 0l22.24-22.24c12.28-12.28 12.28-32.19 0-44.48L242.72 256z"
                    transform=""
                  />
                </svg>
              </button>
            </div>
            <div
              className="pf-l-grid__item pf-m-12-col"
            />
          </div>
        </div>
      </div>
    </div>
  </div>,
  " ",
]
`;
