// Jest Snapshot v1, https://goo.gl/fbAQLP

exports[`matches snapshot before and after loading 1`] = `ShallowWrapper {}`;
