[
	{
		"services": [
			{
				"name": "api",
				"status": "ok"
			},
			{
				"name": "db",
				"status": "sql: database is closed"
			}
		]
	}
]
